  [1m[35m (0.2ms)[0m  [1m[35mCREATE TABLE "schema_migrations" ("version" varchar NOT NULL PRIMARY KEY)[0m
  [1m[35m (0.2ms)[0m  [1m[35mCREATE TABLE "ar_internal_metadata" ("key" varchar NOT NULL PRIMARY KEY, "value" varchar, "created_at" datetime(6) NOT NULL, "updated_at" datetime(6) NOT NULL)[0m
  [1m[36mActiveRecord::SchemaMigration Load (0.1ms)[0m  [1m[34mSELECT "schema_migrations"."version" FROM "schema_migrations" ORDER BY "schema_migrations"."version" ASC[0m
  [1m[36mCACHE ActiveRecord::SchemaMigration Load (0.0ms)[0m  [1m[34mSELECT "schema_migrations"."version" FROM "schema_migrations" ORDER BY "schema_migrations"."version" ASC[0m
  [1m[36mActiveRecord::InternalMetadata Load (0.1ms)[0m  [1m[34mSELECT * FROM "ar_internal_metadata" WHERE "ar_internal_metadata"."key" = ? ORDER BY "ar_internal_metadata"."key" ASC LIMIT 1[0m  [[nil, "environment"]]
  [1m[36mActiveRecord::InternalMetadata Create (0.1ms)[0m  [1m[32mINSERT INTO "ar_internal_metadata" ("key", "value", "created_at", "updated_at") VALUES ('environment', 'development', '2025-12-05 07:39:38.381161', '2025-12-05 07:39:38.381163') RETURNING "key"[0m
  [1m[36mActiveRecord::SchemaMigration Load (0.0ms)[0m  [1m[34mSELECT "schema_migrations"."version" FROM "schema_migrations" ORDER BY "schema_migrations"."version" ASC[0m
Migrating to CreateTasks (20251205073911)
  [1m[36mTRANSACTION (0.0ms)[0m  [1m[36mbegin transaction[0m
  [1m[35m (0.5ms)[0m  [1m[35mCREATE TABLE "tasks" ("id" integer PRIMARY KEY AUTOINCREMENT NOT NULL, "description" varchar NOT NULL, "created_at" datetime(6) NOT NULL, "updated_at" datetime(6) NOT NULL)[0m
  [1m[36mActiveRecord::SchemaMigration Create (0.0ms)[0m  [1m[32mINSERT INTO "schema_migrations" ("version") VALUES ('20251205073911') RETURNING "version"[0m
  [1m[36mTRANSACTION (0.1ms)[0m  [1m[36mcommit transaction[0m
  [1m[36mActiveRecord::SchemaMigration Load (0.0ms)[0m  [1m[34mSELECT "schema_migrations"."version" FROM "schema_migrations" ORDER BY "schema_migrations"."version" ASC[0m
  [1m[36mActiveRecord::SchemaMigration Load (0.1ms)[0m  [1m[34mSELECT "schema_migrations"."version" FROM "schema_migrations" ORDER BY "schema_migrations"."version" ASC[0m
  [1m[36mActiveRecord::SchemaMigration Load (0.2ms)[0m  [1m[34mSELECT "schema_migrations"."version" FROM "schema_migrations" ORDER BY "schema_migrations"."version" ASC[0m
  [1m[36mActiveRecord::InternalMetadata Load (0.2ms)[0m  [1m[34mSELECT * FROM "ar_internal_metadata" WHERE "ar_internal_metadata"."key" = ? ORDER BY "ar_internal_metadata"."key" ASC LIMIT 1[0m  [[nil, "environment"]]
  [1m[36mActiveRecord::SchemaMigration Load (0.0ms)[0m  [1m[34mSELECT "schema_migrations"."version" FROM "schema_migrations" ORDER BY "schema_migrations"."version" ASC[0m
  [1m[36mActiveRecord::SchemaMigration Load (0.0ms)[0m  [1m[34mSELECT "schema_migrations"."version" FROM "schema_migrations" ORDER BY "schema_migrations"."version" ASC[0m
  [1m[36mTask Count (0.2ms)[0m  [1m[34mSELECT COUNT(*) FROM "tasks"[0m
  [1m[36mTask Load (0.1ms)[0m  [1m[34mSELECT "tasks".* FROM "tasks" ORDER BY "tasks"."id" ASC LIMIT ?[0m  [["LIMIT", 1]]
  [1m[36mTRANSACTION (0.1ms)[0m  [1m[36mbegin transaction[0m
  [1m[36mTask Create (1.5ms)[0m  [1m[32mINSERT INTO "tasks" ("description", "created_at", "updated_at") VALUES (?, ?, ?) RETURNING "id"[0m  [["description", "asd"], ["created_at", "2025-12-05 14:43:11.442379"], ["updated_at", "2025-12-05 14:43:11.442379"]]
  [1m[36mTRANSACTION (0.6ms)[0m  [1m[36mcommit transaction[0m
Started GET "/tasks" for ::1 at 2025-12-05 10:33:08 -0500
  [1m[36mActiveRecord::SchemaMigration Load (0.1ms)[0m  [1m[34mSELECT "schema_migrations"."version" FROM "schema_migrations" ORDER BY "schema_migrations"."version" ASC[0m
Processing by TasksController#index as */*
  [1m[36mTask Load (0.4ms)[0m  [1m[34mSELECT "tasks".* FROM "tasks" ORDER BY "tasks"."created_at" DESC[0m
  ↳ app/controllers/tasks_controller.rb:4:in `index'
Completed 200 OK in 15ms (Views: 3.6ms | ActiveRecord: 1.6ms (1 query, 0 cached) | GC: 0.0ms)


Started GET "/tasks" for ::1 at 2025-12-05 10:33:08 -0500
Processing by TasksController#index as */*
  [1m[36mTask Load (0.1ms)[0m  [1m[34mSELECT "tasks".* FROM "tasks" ORDER BY "tasks"."created_at" DESC[0m
  ↳ app/controllers/tasks_controller.rb:4:in `index'
Completed 200 OK in 1ms (Views: 0.8ms | ActiveRecord: 0.1ms (1 query, 0 cached) | GC: 0.0ms)


Started POST "/tasks" for ::1 at 2025-12-05 10:33:12 -0500
Processing by TasksController#create as */*
  Parameters: {"description"=>"hola", "task"=>{"description"=>"hola"}}
  [1m[36mTRANSACTION (0.1ms)[0m  [1m[36mbegin transaction[0m
  ↳ app/controllers/tasks_controller.rb:10:in `create'
  [1m[36mTask Create (1.8ms)[0m  [1m[32mINSERT INTO "tasks" ("description", "created_at", "updated_at") VALUES (?, ?, ?) RETURNING "id"[0m  [["description", "hola"], ["created_at", "2025-12-05 15:33:12.153797"], ["updated_at", "2025-12-05 15:33:12.153797"]]
  ↳ app/controllers/tasks_controller.rb:10:in `create'
  [1m[36mTRANSACTION (0.7ms)[0m  [1m[36mcommit transaction[0m
  ↳ app/controllers/tasks_controller.rb:10:in `create'
Completed 201 Created in 7ms (Views: 0.4ms | ActiveRecord: 2.6ms (1 query, 0 cached) | GC: 0.0ms)


Started POST "/tasks" for ::1 at 2025-12-05 10:33:14 -0500
Processing by TasksController#create as */*
  Parameters: {"description"=>"sisas", "task"=>{"description"=>"sisas"}}
  [1m[36mTRANSACTION (0.1ms)[0m  [1m[36mbegin transaction[0m
  ↳ app/controllers/tasks_controller.rb:10:in `create'
  [1m[36mTask Create (2.0ms)[0m  [1m[32mINSERT INTO "tasks" ("description", "created_at", "updated_at") VALUES (?, ?, ?) RETURNING "id"[0m  [["description", "sisas"], ["created_at", "2025-12-05 15:33:14.842882"], ["updated_at", "2025-12-05 15:33:14.842882"]]
  ↳ app/controllers/tasks_controller.rb:10:in `create'
  [1m[36mTRANSACTION (0.3ms)[0m  [1m[36mcommit transaction[0m
  ↳ app/controllers/tasks_controller.rb:10:in `create'
Completed 201 Created in 7ms (Views: 0.3ms | ActiveRecord: 2.3ms (1 query, 0 cached) | GC: 0.0ms)


Started GET "/tasks" for ::1 at 2025-12-05 10:33:15 -0500
Processing by TasksController#index as */*
  [1m[36mTask Load (0.6ms)[0m  [1m[34mSELECT "tasks".* FROM "tasks" ORDER BY "tasks"."created_at" DESC[0m
  ↳ app/controllers/tasks_controller.rb:4:in `index'
Completed 200 OK in 4ms (Views: 2.9ms | ActiveRecord: 0.5ms (1 query, 0 cached) | GC: 0.0ms)


Started GET "/tasks" for ::1 at 2025-12-05 10:33:15 -0500
Processing by TasksController#index as */*
  [1m[36mTask Load (0.1ms)[0m  [1m[34mSELECT "tasks".* FROM "tasks" ORDER BY "tasks"."created_at" DESC[0m
  ↳ app/controllers/tasks_controller.rb:4:in `index'
Completed 200 OK in 1ms (Views: 0.7ms | ActiveRecord: 0.0ms (1 query, 0 cached) | GC: 0.0ms)


Started GET "/tasks" for ::1 at 2025-12-05 10:33:16 -0500
Processing by TasksController#index as */*
  [1m[36mTask Load (0.1ms)[0m  [1m[34mSELECT "tasks".* FROM "tasks" ORDER BY "tasks"."created_at" DESC[0m
  ↳ app/controllers/tasks_controller.rb:4:in `index'
Completed 200 OK in 4ms (Views: 3.1ms | ActiveRecord: 0.1ms (1 query, 0 cached) | GC: 0.0ms)


Started GET "/tasks" for ::1 at 2025-12-05 10:33:16 -0500
Processing by TasksController#index as */*
  [1m[36mTask Load (0.1ms)[0m  [1m[34mSELECT "tasks".* FROM "tasks" ORDER BY "tasks"."created_at" DESC[0m
  ↳ app/controllers/tasks_controller.rb:4:in `index'
Completed 200 OK in 1ms (Views: 0.8ms | ActiveRecord: 0.1ms (1 query, 0 cached) | GC: 0.0ms)


Started GET "/tasks" for ::1 at 2025-12-05 10:33:17 -0500
Processing by TasksController#index as */*
  [1m[36mTask Load (0.1ms)[0m  [1m[34mSELECT "tasks".* FROM "tasks" ORDER BY "tasks"."created_at" DESC[0m
  ↳ app/controllers/tasks_controller.rb:4:in `index'
Completed 200 OK in 3ms (Views: 2.3ms | ActiveRecord: 0.2ms (1 query, 0 cached) | GC: 0.0ms)


Started GET "/tasks" for ::1 at 2025-12-05 10:33:17 -0500
Processing by TasksController#index as */*
  [1m[36mTask Load (0.1ms)[0m  [1m[34mSELECT "tasks".* FROM "tasks" ORDER BY "tasks"."created_at" DESC[0m
  ↳ app/controllers/tasks_controller.rb:4:in `index'
Completed 200 OK in 1ms (Views: 0.8ms | ActiveRecord: 0.1ms (1 query, 0 cached) | GC: 0.0ms)


Started GET "/tasks" for ::1 at 2025-12-05 10:33:17 -0500
Processing by TasksController#index as */*
  [1m[36mTask Load (0.1ms)[0m  [1m[34mSELECT "tasks".* FROM "tasks" ORDER BY "tasks"."created_at" DESC[0m
  ↳ app/controllers/tasks_controller.rb:4:in `index'
Completed 200 OK in 3ms (Views: 2.5ms | ActiveRecord: 0.1ms (1 query, 0 cached) | GC: 0.0ms)


Started GET "/tasks" for ::1 at 2025-12-05 10:33:17 -0500
Processing by TasksController#index as */*
  [1m[36mTask Load (0.1ms)[0m  [1m[34mSELECT "tasks".* FROM "tasks" ORDER BY "tasks"."created_at" DESC[0m
  ↳ app/controllers/tasks_controller.rb:4:in `index'
Completed 200 OK in 1ms (Views: 0.7ms | ActiveRecord: 0.0ms (1 query, 0 cached) | GC: 0.0ms)


Started GET "/tasks" for ::1 at 2025-12-05 10:33:17 -0500
Processing by TasksController#index as */*
  [1m[36mTask Load (1.3ms)[0m  [1m[34mSELECT "tasks".* FROM "tasks" ORDER BY "tasks"."created_at" DESC[0m
  ↳ app/controllers/tasks_controller.rb:4:in `index'
Completed 200 OK in 7ms (Views: 6.5ms | ActiveRecord: 0.2ms (1 query, 0 cached) | GC: 0.0ms)


Started GET "/tasks" for ::1 at 2025-12-05 10:33:17 -0500
Processing by TasksController#index as */*
  [1m[36mTask Load (0.1ms)[0m  [1m[34mSELECT "tasks".* FROM "tasks" ORDER BY "tasks"."created_at" DESC[0m
  ↳ app/controllers/tasks_controller.rb:4:in `index'
Completed 200 OK in 1ms (Views: 0.9ms | ActiveRecord: 0.0ms (1 query, 0 cached) | GC: 0.0ms)


Started GET "/tasks" for ::1 at 2025-12-05 10:33:17 -0500
Processing by TasksController#index as */*
  [1m[36mTask Load (3.1ms)[0m  [1m[34mSELECT "tasks".* FROM "tasks" ORDER BY "tasks"."created_at" DESC[0m
  ↳ app/controllers/tasks_controller.rb:4:in `index'
Completed 200 OK in 10ms (Views: 9.0ms | ActiveRecord: 0.2ms (1 query, 0 cached) | GC: 0.0ms)


Started GET "/tasks" for ::1 at 2025-12-05 10:33:17 -0500
Processing by TasksController#index as */*
  [1m[36mTask Load (0.1ms)[0m  [1m[34mSELECT "tasks".* FROM "tasks" ORDER BY "tasks"."created_at" DESC[0m
  ↳ app/controllers/tasks_controller.rb:4:in `index'
Completed 200 OK in 1ms (Views: 0.7ms | ActiveRecord: 0.0ms (1 query, 0 cached) | GC: 0.0ms)


Started GET "/tasks" for ::1 at 2025-12-05 10:33:23 -0500
Processing by TasksController#index as */*
  [1m[36mTask Load (0.1ms)[0m  [1m[34mSELECT "tasks".* FROM "tasks" ORDER BY "tasks"."created_at" DESC[0m
  ↳ app/controllers/tasks_controller.rb:4:in `index'
Completed 200 OK in 1ms (Views: 0.7ms | ActiveRecord: 0.1ms (1 query, 0 cached) | GC: 0.0ms)


Started GET "/tasks" for ::1 at 2025-12-05 10:33:23 -0500
Processing by TasksController#index as */*
  [1m[36mTask Load (0.0ms)[0m  [1m[34mSELECT "tasks".* FROM "tasks" ORDER BY "tasks"."created_at" DESC[0m
  ↳ app/controllers/tasks_controller.rb:4:in `index'
Completed 200 OK in 1ms (Views: 0.6ms | ActiveRecord: 0.0ms (1 query, 0 cached) | GC: 0.0ms)


Started POST "/tasks" for ::1 at 2025-12-05 10:33:26 -0500
Processing by TasksController#create as */*
  Parameters: {"description"=>"quien eres", "task"=>{"description"=>"quien eres"}}
  [1m[36mTRANSACTION (0.1ms)[0m  [1m[36mbegin transaction[0m
  ↳ app/controllers/tasks_controller.rb:10:in `create'
  [1m[36mTask Create (1.6ms)[0m  [1m[32mINSERT INTO "tasks" ("description", "created_at", "updated_at") VALUES (?, ?, ?) RETURNING "id"[0m  [["description", "quien eres"], ["created_at", "2025-12-05 15:33:26.582684"], ["updated_at", "2025-12-05 15:33:26.582684"]]
  ↳ app/controllers/tasks_controller.rb:10:in `create'
  [1m[36mTRANSACTION (0.4ms)[0m  [1m[36mcommit transaction[0m
  ↳ app/controllers/tasks_controller.rb:10:in `create'
Completed 201 Created in 6ms (Views: 0.3ms | ActiveRecord: 2.1ms (1 query, 0 cached) | GC: 0.0ms)


Started POST "/tasks" for ::1 at 2025-12-05 10:39:11 -0500
Processing by TasksController#create as */*
  Parameters: {"description"=>"asd", "task"=>{"description"=>"asd"}}
  [1m[36mTRANSACTION (0.1ms)[0m  [1m[36mbegin transaction[0m
  ↳ app/controllers/tasks_controller.rb:10:in `create'
  [1m[36mTask Create (2.1ms)[0m  [1m[32mINSERT INTO "tasks" ("description", "created_at", "updated_at") VALUES (?, ?, ?) RETURNING "id"[0m  [["description", "asd"], ["created_at", "2025-12-05 15:39:11.848239"], ["updated_at", "2025-12-05 15:39:11.848239"]]
  ↳ app/controllers/tasks_controller.rb:10:in `create'
  [1m[36mTRANSACTION (0.3ms)[0m  [1m[36mcommit transaction[0m
  ↳ app/controllers/tasks_controller.rb:10:in `create'
Completed 201 Created in 7ms (Views: 0.3ms | ActiveRecord: 2.4ms (1 query, 0 cached) | GC: 0.0ms)


Started GET "/tasks" for ::1 at 2025-12-05 10:40:03 -0500
  [1m[36mActiveRecord::SchemaMigration Load (0.2ms)[0m  [1m[34mSELECT "schema_migrations"."version" FROM "schema_migrations" ORDER BY "schema_migrations"."version" ASC[0m
Processing by TasksController#index as */*
  [1m[36mTask Load (0.9ms)[0m  [1m[34mSELECT "tasks".* FROM "tasks" ORDER BY "tasks"."created_at" DESC[0m
  ↳ app/controllers/tasks_controller.rb:4:in `index'
Completed 200 OK in 19ms (Views: 3.1ms | ActiveRecord: 2.2ms (1 query, 0 cached) | GC: 0.0ms)


Started GET "/tasks" for ::1 at 2025-12-05 10:40:07 -0500
Processing by TasksController#index as */*
  [1m[36mTask Load (0.1ms)[0m  [1m[34mSELECT "tasks".* FROM "tasks" ORDER BY "tasks"."created_at" DESC[0m
  ↳ app/controllers/tasks_controller.rb:4:in `index'
Completed 200 OK in 1ms (Views: 0.9ms | ActiveRecord: 0.1ms (1 query, 0 cached) | GC: 0.0ms)


Started GET "/tasks" for ::1 at 2025-12-05 10:40:20 -0500
Processing by TasksController#index as */*
  [1m[36mTask Load (0.1ms)[0m  [1m[34mSELECT "tasks".* FROM "tasks" ORDER BY "tasks"."created_at" DESC[0m
  ↳ app/controllers/tasks_controller.rb:4:in `index'
Completed 200 OK in 1ms (Views: 1.1ms | ActiveRecord: 0.1ms (1 query, 0 cached) | GC: 0.0ms)


Started GET "/tasks" for ::1 at 2025-12-05 10:40:20 -0500
Processing by TasksController#index as */*
  [1m[36mTask Load (0.0ms)[0m  [1m[34mSELECT "tasks".* FROM "tasks" ORDER BY "tasks"."created_at" DESC[0m
  ↳ app/controllers/tasks_controller.rb:4:in `index'
Completed 200 OK in 1ms (Views: 0.5ms | ActiveRecord: 0.0ms (1 query, 0 cached) | GC: 0.0ms)


Started GET "/tasks" for ::1 at 2025-12-05 10:40:52 -0500
Processing by TasksController#index as */*
  [1m[36mTask Load (0.1ms)[0m  [1m[34mSELECT "tasks".* FROM "tasks" ORDER BY "tasks"."created_at" DESC[0m
  ↳ app/controllers/tasks_controller.rb:4:in `index'
Completed 200 OK in 1ms (Views: 1.2ms | ActiveRecord: 0.1ms (1 query, 0 cached) | GC: 0.0ms)


Started POST "/tasks" for ::1 at 2025-12-05 10:42:13 -0500
Processing by TasksController#create as */*
  Parameters: {"description"=>"asdsad", "task"=>{"description"=>"asdsad"}}
  [1m[36mTRANSACTION (0.1ms)[0m  [1m[36mbegin transaction[0m
  ↳ app/controllers/tasks_controller.rb:10:in `create'
  [1m[36mTask Create (1.6ms)[0m  [1m[32mINSERT INTO "tasks" ("description", "created_at", "updated_at") VALUES (?, ?, ?) RETURNING "id"[0m  [["description", "asdsad"], ["created_at", "2025-12-05 15:42:13.691948"], ["updated_at", "2025-12-05 15:42:13.691948"]]
  ↳ app/controllers/tasks_controller.rb:10:in `create'
  [1m[36mTRANSACTION (0.8ms)[0m  [1m[36mcommit transaction[0m
  ↳ app/controllers/tasks_controller.rb:10:in `create'
Completed 201 Created in 9ms (Views: 0.3ms | ActiveRecord: 2.5ms (1 query, 0 cached) | GC: 0.0ms)


Started GET "/tasks" for ::1 at 2025-12-05 19:17:19 -0500
Started GET "/tasks" for ::1 at 2025-12-05 19:17:19 -0500
  [1m[36mActiveRecord::SchemaMigration Load (0.1ms)[0m  [1m[34mSELECT "schema_migrations"."version" FROM "schema_migrations" ORDER BY "schema_migrations"."version" ASC[0m
Processing by TasksController#index as */*
Processing by TasksController#index as */*
  [1m[36mTask Load (0.7ms)[0m  [1m[34mSELECT "tasks".* FROM "tasks" ORDER BY "tasks"."created_at" DESC[0m
  [1m[36mTask Load (0.4ms)[0m  [1m[34mSELECT "tasks".* FROM "tasks" ORDER BY "tasks"."created_at" DESC[0m
  ↳ app/controllers/tasks_controller.rb:4:in `index'
  ↳ app/controllers/tasks_controller.rb:4:in `index'
Completed 200 OK in 16ms (Views: 4.2ms | ActiveRecord: 1.8ms (1 query, 0 cached) | GC: 0.2ms)


Completed 200 OK in 13ms (Views: 4.0ms | ActiveRecord: 0.4ms (1 query, 0 cached) | GC: 0.0ms)


Started POST "/tasks" for ::1 at 2025-12-05 19:17:29 -0500
Processing by TasksController#create as */*
  Parameters: {"description"=>"\"\"", "task"=>{"description"=>"\"\""}}
  [1m[36mTRANSACTION (0.1ms)[0m  [1m[36mbegin transaction[0m
  ↳ app/controllers/tasks_controller.rb:10:in `create'
  [1m[36mTask Create (1.9ms)[0m  [1m[32mINSERT INTO "tasks" ("description", "created_at", "updated_at") VALUES (?, ?, ?) RETURNING "id"[0m  [["description", "\"\""], ["created_at", "2025-12-06 00:17:29.697184"], ["updated_at", "2025-12-06 00:17:29.697184"]]
  ↳ app/controllers/tasks_controller.rb:10:in `create'
  [1m[36mTRANSACTION (0.5ms)[0m  [1m[36mcommit transaction[0m
  ↳ app/controllers/tasks_controller.rb:10:in `create'
Completed 201 Created in 6ms (Views: 0.2ms | ActiveRecord: 2.4ms (1 query, 0 cached) | GC: 0.0ms)


Started GET "/tasks" for ::1 at 2025-12-05 19:42:26 -0500
Started GET "/tasks" for ::1 at 2025-12-05 19:42:26 -0500
Processing by TasksController#index as */*
Processing by TasksController#index as */*
  [1m[36mTask Load (2.1ms)[0m  [1m[34mSELECT "tasks".* FROM "tasks" ORDER BY "tasks"."created_at" DESC[0m
  [1m[36mTask Load (0.5ms)[0m  [1m[34mSELECT "tasks".* FROM "tasks" ORDER BY "tasks"."created_at" DESC[0m
  ↳ app/controllers/tasks_controller.rb:4:in `index'
  ↳ app/controllers/tasks_controller.rb:4:in `index'
Completed 200 OK in 8ms (Views: 7.6ms | ActiveRecord: 0.5ms (1 query, 0 cached) | GC: 0.0ms)


Completed 200 OK in 14ms (Views: 11.3ms | ActiveRecord: 2.0ms (1 query, 0 cached) | GC: 0.0ms)


Started GET "/tasks" for ::1 at 2025-12-05 19:48:10 -0500
Started GET "/tasks" for ::1 at 2025-12-05 19:48:10 -0500
  [1m[36mActiveRecord::SchemaMigration Load (0.1ms)[0m  [1m[34mSELECT "schema_migrations"."version" FROM "schema_migrations" ORDER BY "schema_migrations"."version" ASC[0m
Processing by TasksController#index as */*
Processing by TasksController#index as */*
  [1m[36mTask Load (0.3ms)[0m  [1m[34mSELECT "tasks".* FROM "tasks" ORDER BY "tasks"."created_at" DESC[0m
  [1m[36mTask Load (0.2ms)[0m  [1m[34mSELECT "tasks".* FROM "tasks" ORDER BY "tasks"."created_at" DESC[0m
  ↳ app/controllers/tasks_controller.rb:4:in `index'
  ↳ app/controllers/tasks_controller.rb:4:in `index'
Completed 200 OK in 13ms (Views: 3.4ms | ActiveRecord: 1.1ms (1 query, 0 cached) | GC: 0.0ms)


Completed 200 OK in 4ms (Views: 2.6ms | ActiveRecord: 0.3ms (1 query, 0 cached) | GC: 0.0ms)


Started GET "/tasks" for ::1 at 2025-12-05 19:52:57 -0500
Started GET "/tasks" for ::1 at 2025-12-05 19:52:57 -0500
  [1m[36mActiveRecord::SchemaMigration Load (0.1ms)[0m  [1m[34mSELECT "schema_migrations"."version" FROM "schema_migrations" ORDER BY "schema_migrations"."version" ASC[0m
Processing by TasksController#index as */*
Processing by TasksController#index as */*
  [1m[36mTask Load (0.4ms)[0m  [1m[34mSELECT "tasks".* FROM "tasks" ORDER BY "tasks"."created_at" DESC[0m
  [1m[36mTask Load (0.2ms)[0m  [1m[34mSELECT "tasks".* FROM "tasks" ORDER BY "tasks"."created_at" DESC[0m
  ↳ app/controllers/tasks_controller.rb:4:in `index'
  ↳ app/controllers/tasks_controller.rb:4:in `index'
Completed 200 OK in 6ms (Views: 3.8ms | ActiveRecord: 0.2ms (1 query, 0 cached) | GC: 0.0ms)


Completed 200 OK in 16ms (Views: 3.9ms | ActiveRecord: 1.5ms (1 query, 0 cached) | GC: 0.0ms)


Started POST "/tasks" for ::1 at 2025-12-05 19:53:00 -0500
Processing by TasksController#create as */*
  Parameters: {"description"=>"gastar", "task"=>{"description"=>"gastar"}}
  [1m[36mTRANSACTION (0.1ms)[0m  [1m[36mbegin transaction[0m
  ↳ app/controllers/tasks_controller.rb:10:in `create'
  [1m[36mTask Create (1.8ms)[0m  [1m[32mINSERT INTO "tasks" ("description", "created_at", "updated_at") VALUES (?, ?, ?) RETURNING "id"[0m  [["description", "gastar"], ["created_at", "2025-12-06 00:53:00.530317"], ["updated_at", "2025-12-06 00:53:00.530317"]]
  ↳ app/controllers/tasks_controller.rb:10:in `create'
  [1m[36mTRANSACTION (0.5ms)[0m  [1m[36mcommit transaction[0m
  ↳ app/controllers/tasks_controller.rb:10:in `create'
Completed 201 Created in 7ms (Views: 0.4ms | ActiveRecord: 2.4ms (1 query, 0 cached) | GC: 0.0ms)


Started POST "/tasks" for ::1 at 2025-12-05 20:40:17 -0500
  [1m[36mActiveRecord::SchemaMigration Load (0.1ms)[0m  [1m[34mSELECT "schema_migrations"."version" FROM "schema_migrations" ORDER BY "schema_migrations"."version" ASC[0m
Processing by TasksController#create as */*
  Parameters: {"description"=>"feel", "task"=>{"description"=>"feel"}}
  [1m[36mTRANSACTION (0.0ms)[0m  [1m[36mbegin transaction[0m
  ↳ app/controllers/tasks_controller.rb:10:in `create'
  [1m[36mTask Create (0.7ms)[0m  [1m[32mINSERT INTO "tasks" ("description", "created_at", "updated_at") VALUES (?, ?, ?) RETURNING "id"[0m  [["description", "feel"], ["created_at", "2025-12-06 01:40:17.988129"], ["updated_at", "2025-12-06 01:40:17.988129"]]
  ↳ app/controllers/tasks_controller.rb:10:in `create'
  [1m[36mTRANSACTION (0.2ms)[0m  [1m[36mcommit transaction[0m
  ↳ app/controllers/tasks_controller.rb:10:in `create'
Completed 201 Created in 7ms (Views: 0.1ms | ActiveRecord: 2.0ms (1 query, 0 cached) | GC: 0.0ms)


Started POST "/tasks" for ::1 at 2025-12-05 20:40:20 -0500
Processing by TasksController#create as */*
  Parameters: {"description"=>"hola", "task"=>{"description"=>"hola"}}
  [1m[36mTRANSACTION (0.1ms)[0m  [1m[36mbegin transaction[0m
  ↳ app/controllers/tasks_controller.rb:10:in `create'
  [1m[36mTask Create (1.8ms)[0m  [1m[32mINSERT INTO "tasks" ("description", "created_at", "updated_at") VALUES (?, ?, ?) RETURNING "id"[0m  [["description", "hola"], ["created_at", "2025-12-06 01:40:20.332485"], ["updated_at", "2025-12-06 01:40:20.332485"]]
  ↳ app/controllers/tasks_controller.rb:10:in `create'
  [1m[36mTRANSACTION (0.2ms)[0m  [1m[36mcommit transaction[0m
  ↳ app/controllers/tasks_controller.rb:10:in `create'
Completed 201 Created in 5ms (Views: 0.1ms | ActiveRecord: 2.0ms (1 query, 0 cached) | GC: 0.0ms)


Started GET "/tasks" for ::1 at 2025-12-05 20:40:22 -0500
Started GET "/tasks" for ::1 at 2025-12-05 20:40:22 -0500
Processing by TasksController#index as */*
  [1m[36mTask Load (0.5ms)[0m  [1m[34mSELECT "tasks".* FROM "tasks" ORDER BY "tasks"."created_at" DESC[0m
  ↳ app/controllers/tasks_controller.rb:4:in `index'
Completed 200 OK in 8ms (Views: 1.3ms | ActiveRecord: 0.5ms (1 query, 0 cached) | GC: 0.0ms)


Processing by TasksController#index as */*
  [1m[36mTask Load (0.1ms)[0m  [1m[34mSELECT "tasks".* FROM "tasks" ORDER BY "tasks"."created_at" DESC[0m
  ↳ app/controllers/tasks_controller.rb:4:in `index'
Completed 200 OK in 1ms (Views: 1.0ms | ActiveRecord: 0.0ms (1 query, 0 cached) | GC: 0.0ms)


Started POST "/tasks" for ::1 at 2025-12-05 20:40:25 -0500
Processing by TasksController#create as */*
  Parameters: {"description"=>"hey", "task"=>{"description"=>"hey"}}
  [1m[36mTRANSACTION (0.0ms)[0m  [1m[36mbegin transaction[0m
  ↳ app/controllers/tasks_controller.rb:10:in `create'
  [1m[36mTask Create (0.5ms)[0m  [1m[32mINSERT INTO "tasks" ("description", "created_at", "updated_at") VALUES (?, ?, ?) RETURNING "id"[0m  [["description", "hey"], ["created_at", "2025-12-06 01:40:25.300040"], ["updated_at", "2025-12-06 01:40:25.300040"]]
  ↳ app/controllers/tasks_controller.rb:10:in `create'
  [1m[36mTRANSACTION (0.1ms)[0m  [1m[36mcommit transaction[0m
  ↳ app/controllers/tasks_controller.rb:10:in `create'
Completed 201 Created in 2ms (Views: 0.1ms | ActiveRecord: 0.6ms (1 query, 0 cached) | GC: 0.0ms)


Started POST "/tasks" for ::1 at 2025-12-05 20:41:57 -0500
Processing by TasksController#create as */*
  Parameters: {"description"=>"hey", "task"=>{"description"=>"hey"}}
  [1m[36mTRANSACTION (0.1ms)[0m  [1m[36mbegin transaction[0m
  ↳ app/controllers/tasks_controller.rb:10:in `create'
  [1m[36mTask Create (0.9ms)[0m  [1m[32mINSERT INTO "tasks" ("description", "created_at", "updated_at") VALUES (?, ?, ?) RETURNING "id"[0m  [["description", "hey"], ["created_at", "2025-12-06 01:41:57.168954"], ["updated_at", "2025-12-06 01:41:57.168954"]]
  ↳ app/controllers/tasks_controller.rb:10:in `create'
  [1m[36mTRANSACTION (0.2ms)[0m  [1m[36mcommit transaction[0m
  ↳ app/controllers/tasks_controller.rb:10:in `create'
Completed 201 Created in 3ms (Views: 0.2ms | ActiveRecord: 1.1ms (1 query, 0 cached) | GC: 0.0ms)


Started POST "/tasks" for ::1 at 2025-12-05 20:42:00 -0500
Processing by TasksController#create as */*
  Parameters: {"description"=>"sisas", "task"=>{"description"=>"sisas"}}
  [1m[36mTRANSACTION (0.0ms)[0m  [1m[36mbegin transaction[0m
  ↳ app/controllers/tasks_controller.rb:10:in `create'
  [1m[36mTask Create (0.5ms)[0m  [1m[32mINSERT INTO "tasks" ("description", "created_at", "updated_at") VALUES (?, ?, ?) RETURNING "id"[0m  [["description", "sisas"], ["created_at", "2025-12-06 01:42:00.181533"], ["updated_at", "2025-12-06 01:42:00.181533"]]
  ↳ app/controllers/tasks_controller.rb:10:in `create'
  [1m[36mTRANSACTION (0.0ms)[0m  [1m[36mcommit transaction[0m
  ↳ app/controllers/tasks_controller.rb:10:in `create'
Completed 201 Created in 2ms (Views: 0.1ms | ActiveRecord: 0.6ms (1 query, 0 cached) | GC: 0.0ms)


Started GET "/tasks" for ::1 at 2025-12-05 21:08:30 -0500
Started GET "/tasks" for ::1 at 2025-12-05 21:08:30 -0500
Processing by TasksController#index as */*
Processing by TasksController#index as */*
  [1m[36mTask Load (2.0ms)[0m  [1m[34mSELECT "tasks".* FROM "tasks" ORDER BY "tasks"."created_at" DESC[0m
  [1m[36mTask Load (0.5ms)[0m  [1m[34mSELECT "tasks".* FROM "tasks" ORDER BY "tasks"."created_at" DESC[0m
  ↳ app/controllers/tasks_controller.rb:4:in `index'
  ↳ app/controllers/tasks_controller.rb:4:in `index'
Completed 200 OK in 8ms (Views: 4.9ms | ActiveRecord: 2.0ms (1 query, 0 cached) | GC: 0.0ms)


Completed 200 OK in 4ms (Views: 3.0ms | ActiveRecord: 0.5ms (1 query, 0 cached) | GC: 0.0ms)


Started GET "/tasks" for ::1 at 2025-12-05 21:19:10 -0500
Started GET "/tasks" for ::1 at 2025-12-05 21:19:10 -0500
Processing by TasksController#index as */*
  [1m[36mTask Load (0.1ms)[0m  [1m[34mSELECT "tasks".* FROM "tasks" ORDER BY "tasks"."created_at" DESC[0m
Processing by TasksController#index as */*
  ↳ app/controllers/tasks_controller.rb:4:in `index'
  [1m[36mTask Load (0.1ms)[0m  [1m[34mSELECT "tasks".* FROM "tasks" ORDER BY "tasks"."created_at" DESC[0m
Completed 200 OK in 4ms (Views: 3.4ms | ActiveRecord: 0.1ms (1 query, 0 cached) | GC: 0.0ms)


  ↳ app/controllers/tasks_controller.rb:4:in `index'
Completed 200 OK in 4ms (Views: 3.5ms | ActiveRecord: 0.1ms (1 query, 0 cached) | GC: 0.0ms)


Started GET "/tasks" for ::1 at 2025-12-06 09:40:12 -0500
Processing by TasksController#index as */*
  [1m[36mTask Load (6.1ms)[0m  [1m[34mSELECT "tasks".* FROM "tasks" ORDER BY "tasks"."created_at" DESC[0m
  ↳ app/controllers/tasks_controller.rb:4:in `index'
Completed 200 OK in 11ms (Views: 4.5ms | ActiveRecord: 6.1ms (1 query, 0 cached) | GC: 0.0ms)


Started GET "/tasks" for ::1 at 2025-12-06 09:40:12 -0500
Processing by TasksController#index as */*
  [1m[36mTask Load (0.1ms)[0m  [1m[34mSELECT "tasks".* FROM "tasks" ORDER BY "tasks"."created_at" DESC[0m
  ↳ app/controllers/tasks_controller.rb:4:in `index'
Completed 200 OK in 1ms (Views: 1.0ms | ActiveRecord: 0.1ms (1 query, 0 cached) | GC: 0.0ms)


Started GET "/tasks" for ::1 at 2025-12-06 09:40:13 -0500
Processing by TasksController#index as */*
  [1m[36mTask Load (0.2ms)[0m  [1m[34mSELECT "tasks".* FROM "tasks" ORDER BY "tasks"."created_at" DESC[0m
  ↳ app/controllers/tasks_controller.rb:4:in `index'
Completed 200 OK in 4ms (Views: 3.2ms | ActiveRecord: 0.2ms (1 query, 0 cached) | GC: 0.0ms)


Started GET "/tasks" for ::1 at 2025-12-06 09:40:14 -0500
Processing by TasksController#index as */*
  [1m[36mTask Load (0.1ms)[0m  [1m[34mSELECT "tasks".* FROM "tasks" ORDER BY "tasks"."created_at" DESC[0m
  ↳ app/controllers/tasks_controller.rb:4:in `index'
Completed 200 OK in 2ms (Views: 1.3ms | ActiveRecord: 0.1ms (1 query, 0 cached) | GC: 0.0ms)


Started GET "/tasks" for ::1 at 2025-12-06 09:40:14 -0500
Processing by TasksController#index as */*
  [1m[36mTask Load (0.1ms)[0m  [1m[34mSELECT "tasks".* FROM "tasks" ORDER BY "tasks"."created_at" DESC[0m
  ↳ app/controllers/tasks_controller.rb:4:in `index'
Completed 200 OK in 4ms (Views: 3.3ms | ActiveRecord: 0.1ms (1 query, 0 cached) | GC: 0.0ms)


Started GET "/tasks" for ::1 at 2025-12-06 09:40:14 -0500
Processing by TasksController#index as */*
  [1m[36mTask Load (0.3ms)[0m  [1m[34mSELECT "tasks".* FROM "tasks" ORDER BY "tasks"."created_at" DESC[0m
  ↳ app/controllers/tasks_controller.rb:4:in `index'
Completed 200 OK in 2ms (Views: 1.2ms | ActiveRecord: 0.5ms (1 query, 0 cached) | GC: 0.0ms)


Started GET "/tasks" for ::1 at 2025-12-06 09:40:15 -0500
Processing by TasksController#index as */*
  [1m[36mTask Load (0.2ms)[0m  [1m[34mSELECT "tasks".* FROM "tasks" ORDER BY "tasks"."created_at" DESC[0m
  ↳ app/controllers/tasks_controller.rb:4:in `index'
Completed 200 OK in 3ms (Views: 2.8ms | ActiveRecord: 0.1ms (1 query, 0 cached) | GC: 0.0ms)


Started GET "/tasks" for ::1 at 2025-12-06 09:40:15 -0500
Processing by TasksController#index as */*
  [1m[36mTask Load (0.8ms)[0m  [1m[34mSELECT "tasks".* FROM "tasks" ORDER BY "tasks"."created_at" DESC[0m
  ↳ app/controllers/tasks_controller.rb:4:in `index'
Completed 200 OK in 2ms (Views: 1.0ms | ActiveRecord: 0.8ms (1 query, 0 cached) | GC: 0.0ms)


Started GET "/tasks" for ::1 at 2025-12-06 09:40:16 -0500
Processing by TasksController#index as */*
  [1m[36mTask Load (0.1ms)[0m  [1m[34mSELECT "tasks".* FROM "tasks" ORDER BY "tasks"."created_at" DESC[0m
  ↳ app/controllers/tasks_controller.rb:4:in `index'
Completed 200 OK in 5ms (Views: 4.0ms | ActiveRecord: 0.1ms (1 query, 0 cached) | GC: 0.0ms)


Started GET "/tasks" for ::1 at 2025-12-06 09:40:16 -0500
Processing by TasksController#index as */*
  [1m[36mTask Load (0.3ms)[0m  [1m[34mSELECT "tasks".* FROM "tasks" ORDER BY "tasks"."created_at" DESC[0m
  ↳ app/controllers/tasks_controller.rb:4:in `index'
Completed 200 OK in 2ms (Views: 1.4ms | ActiveRecord: 0.3ms (1 query, 0 cached) | GC: 0.0ms)


Started GET "/tasks" for ::1 at 2025-12-06 09:40:17 -0500
Processing by TasksController#index as */*
  [1m[36mTask Load (0.1ms)[0m  [1m[34mSELECT "tasks".* FROM "tasks" ORDER BY "tasks"."created_at" DESC[0m
  ↳ app/controllers/tasks_controller.rb:4:in `index'
Completed 200 OK in 3ms (Views: 2.8ms | ActiveRecord: 0.1ms (1 query, 0 cached) | GC: 0.0ms)


Started GET "/tasks" for ::1 at 2025-12-06 09:40:17 -0500
Processing by TasksController#index as */*
  [1m[36mTask Load (0.1ms)[0m  [1m[34mSELECT "tasks".* FROM "tasks" ORDER BY "tasks"."created_at" DESC[0m
  ↳ app/controllers/tasks_controller.rb:4:in `index'
Completed 200 OK in 1ms (Views: 1.0ms | ActiveRecord: 0.1ms (1 query, 0 cached) | GC: 0.0ms)


Started GET "/tasks" for ::1 at 2025-12-06 09:40:29 -0500
Processing by TasksController#index as */*
  [1m[36mTask Load (0.1ms)[0m  [1m[34mSELECT "tasks".* FROM "tasks" ORDER BY "tasks"."created_at" DESC[0m
  ↳ app/controllers/tasks_controller.rb:4:in `index'
Completed 200 OK in 5ms (Views: 2.0ms | ActiveRecord: 1.0ms (1 query, 0 cached) | GC: 0.3ms)


Started GET "/tasks" for ::1 at 2025-12-06 09:40:29 -0500
Processing by TasksController#index as */*
  [1m[36mTask Load (0.0ms)[0m  [1m[34mSELECT "tasks".* FROM "tasks" ORDER BY "tasks"."created_at" DESC[0m
  ↳ app/controllers/tasks_controller.rb:4:in `index'
Completed 200 OK in 1ms (Views: 1.3ms | ActiveRecord: 0.0ms (1 query, 0 cached) | GC: 0.3ms)


Started GET "/tasks" for ::1 at 2025-12-06 09:40:30 -0500
Processing by TasksController#index as */*
  [1m[36mTask Load (0.1ms)[0m  [1m[34mSELECT "tasks".* FROM "tasks" ORDER BY "tasks"."created_at" DESC[0m
  ↳ app/controllers/tasks_controller.rb:4:in `index'
Completed 200 OK in 2ms (Views: 1.6ms | ActiveRecord: 0.1ms (1 query, 0 cached) | GC: 0.3ms)


Started GET "/tasks" for ::1 at 2025-12-06 09:40:30 -0500
Processing by TasksController#index as */*
  [1m[36mTask Load (0.0ms)[0m  [1m[34mSELECT "tasks".* FROM "tasks" ORDER BY "tasks"."created_at" DESC[0m
  ↳ app/controllers/tasks_controller.rb:4:in `index'
Completed 200 OK in 1ms (Views: 0.9ms | ActiveRecord: 0.0ms (1 query, 0 cached) | GC: 0.0ms)


Started GET "/tasks" for ::1 at 2025-12-06 09:40:31 -0500
Processing by TasksController#index as */*
  [1m[36mTask Load (0.1ms)[0m  [1m[34mSELECT "tasks".* FROM "tasks" ORDER BY "tasks"."created_at" DESC[0m
  ↳ app/controllers/tasks_controller.rb:4:in `index'
Completed 200 OK in 4ms (Views: 3.1ms | ActiveRecord: 0.1ms (1 query, 0 cached) | GC: 0.3ms)


Started GET "/tasks" for ::1 at 2025-12-06 09:40:31 -0500
Processing by TasksController#index as */*
  [1m[36mTask Load (0.1ms)[0m  [1m[34mSELECT "tasks".* FROM "tasks" ORDER BY "tasks"."created_at" DESC[0m
  ↳ app/controllers/tasks_controller.rb:4:in `index'
Completed 200 OK in 1ms (Views: 1.0ms | ActiveRecord: 0.1ms (1 query, 0 cached) | GC: 0.1ms)


Started GET "/tasks" for ::1 at 2025-12-06 09:40:40 -0500
Processing by TasksController#index as */*
  [1m[36mTask Load (0.1ms)[0m  [1m[34mSELECT "tasks".* FROM "tasks" ORDER BY "tasks"."created_at" DESC[0m
  ↳ app/controllers/tasks_controller.rb:4:in `index'
Completed 200 OK in 5ms (Views: 2.2ms | ActiveRecord: 0.9ms (1 query, 0 cached) | GC: 0.4ms)


Started GET "/tasks" for ::1 at 2025-12-06 09:40:40 -0500
Processing by TasksController#index as */*
  [1m[36mTask Load (0.1ms)[0m  [1m[34mSELECT "tasks".* FROM "tasks" ORDER BY "tasks"."created_at" DESC[0m
  ↳ app/controllers/tasks_controller.rb:4:in `index'
Completed 200 OK in 1ms (Views: 1.0ms | ActiveRecord: 0.1ms (1 query, 0 cached) | GC: 0.1ms)


Started GET "/tasks" for ::1 at 2025-12-06 09:40:41 -0500
Processing by TasksController#index as */*
  [1m[36mTask Load (0.2ms)[0m  [1m[34mSELECT "tasks".* FROM "tasks" ORDER BY "tasks"."created_at" DESC[0m
  ↳ app/controllers/tasks_controller.rb:4:in `index'
Completed 200 OK in 4ms (Views: 3.6ms | ActiveRecord: 0.1ms (1 query, 0 cached) | GC: 0.2ms)


Started GET "/tasks" for ::1 at 2025-12-06 09:40:41 -0500
Processing by TasksController#index as */*
  [1m[36mTask Load (0.1ms)[0m  [1m[34mSELECT "tasks".* FROM "tasks" ORDER BY "tasks"."created_at" DESC[0m
  ↳ app/controllers/tasks_controller.rb:4:in `index'
Completed 200 OK in 2ms (Views: 1.4ms | ActiveRecord: 0.1ms (1 query, 0 cached) | GC: 0.1ms)


Started GET "/tasks" for ::1 at 2025-12-06 09:40:43 -0500
Processing by TasksController#index as */*
  [1m[36mTask Load (0.1ms)[0m  [1m[34mSELECT "tasks".* FROM "tasks" ORDER BY "tasks"."created_at" DESC[0m
  ↳ app/controllers/tasks_controller.rb:4:in `index'
Completed 200 OK in 4ms (Views: 2.6ms | ActiveRecord: 0.1ms (1 query, 0 cached) | GC: 0.3ms)


Started GET "/tasks" for ::1 at 2025-12-06 09:40:43 -0500
Processing by TasksController#index as */*
  [1m[36mTask Load (0.1ms)[0m  [1m[34mSELECT "tasks".* FROM "tasks" ORDER BY "tasks"."created_at" DESC[0m
  ↳ app/controllers/tasks_controller.rb:4:in `index'
Completed 200 OK in 1ms (Views: 0.9ms | ActiveRecord: 0.1ms (1 query, 0 cached) | GC: 0.0ms)


Started GET "/tasks" for ::1 at 2025-12-06 09:40:49 -0500
Processing by TasksController#index as */*
  [1m[36mTask Load (0.1ms)[0m  [1m[34mSELECT "tasks".* FROM "tasks" ORDER BY "tasks"."created_at" DESC[0m
  ↳ app/controllers/tasks_controller.rb:4:in `index'
Completed 200 OK in 5ms (Views: 2.0ms | ActiveRecord: 1.1ms (1 query, 0 cached) | GC: 0.1ms)


Started GET "/tasks" for ::1 at 2025-12-06 09:40:49 -0500
Processing by TasksController#index as */*
  [1m[36mTask Load (0.1ms)[0m  [1m[34mSELECT "tasks".* FROM "tasks" ORDER BY "tasks"."created_at" DESC[0m
  ↳ app/controllers/tasks_controller.rb:4:in `index'
Completed 200 OK in 1ms (Views: 0.9ms | ActiveRecord: 0.1ms (1 query, 0 cached) | GC: 0.0ms)


Started GET "/tasks" for ::1 at 2025-12-06 09:40:50 -0500
Processing by TasksController#index as */*
  [1m[36mTask Load (0.2ms)[0m  [1m[34mSELECT "tasks".* FROM "tasks" ORDER BY "tasks"."created_at" DESC[0m
  ↳ app/controllers/tasks_controller.rb:4:in `index'
Completed 200 OK in 4ms (Views: 3.3ms | ActiveRecord: 0.1ms (1 query, 0 cached) | GC: 0.1ms)


Started GET "/tasks" for ::1 at 2025-12-06 09:40:50 -0500
Processing by TasksController#index as */*
  [1m[36mTask Load (0.1ms)[0m  [1m[34mSELECT "tasks".* FROM "tasks" ORDER BY "tasks"."created_at" DESC[0m
  ↳ app/controllers/tasks_controller.rb:4:in `index'
Completed 200 OK in 1ms (Views: 0.8ms | ActiveRecord: 0.1ms (1 query, 0 cached) | GC: 0.1ms)


Started GET "/tasks" for ::1 at 2025-12-06 09:40:59 -0500
  [1m[36mActiveRecord::SchemaMigration Load (0.1ms)[0m  [1m[34mSELECT "schema_migrations"."version" FROM "schema_migrations" ORDER BY "schema_migrations"."version" ASC[0m
Processing by TasksController#index as */*
  [1m[36mTask Load (0.1ms)[0m  [1m[34mSELECT "tasks".* FROM "tasks" ORDER BY "tasks"."created_at" DESC[0m
  ↳ app/controllers/tasks_controller.rb:4:in `index'
Completed 200 OK in 13ms (Views: 2.9ms | ActiveRecord: 1.1ms (1 query, 0 cached) | GC: 0.0ms)


Started GET "/tasks" for ::1 at 2025-12-06 09:40:59 -0500
Processing by TasksController#index as */*
  [1m[36mTask Load (0.1ms)[0m  [1m[34mSELECT "tasks".* FROM "tasks" ORDER BY "tasks"."created_at" DESC[0m
  ↳ app/controllers/tasks_controller.rb:4:in `index'
Completed 200 OK in 1ms (Views: 1.0ms | ActiveRecord: 0.1ms (1 query, 0 cached) | GC: 0.0ms)


Started GET "/tasks" for ::1 at 2025-12-06 10:24:42 -0500
Processing by TasksController#index as */*
  [1m[36mTask Load (2.2ms)[0m  [1m[34mSELECT "tasks".* FROM "tasks" ORDER BY "tasks"."created_at" DESC[0m
  ↳ app/controllers/tasks_controller.rb:4:in `index'
Completed 200 OK in 12ms (Views: 5.7ms | ActiveRecord: 2.2ms (1 query, 0 cached) | GC: 0.0ms)


Started GET "/tasks" for ::1 at 2025-12-06 10:24:43 -0500
Processing by TasksController#index as */*
  [1m[36mTask Load (0.1ms)[0m  [1m[34mSELECT "tasks".* FROM "tasks" ORDER BY "tasks"."created_at" DESC[0m
  ↳ app/controllers/tasks_controller.rb:4:in `index'
Completed 200 OK in 1ms (Views: 0.9ms | ActiveRecord: 0.1ms (1 query, 0 cached) | GC: 0.0ms)


Started GET "/tasks" for ::1 at 2025-12-06 10:24:47 -0500
Processing by TasksController#index as */*
  [1m[36mTask Load (0.1ms)[0m  [1m[34mSELECT "tasks".* FROM "tasks" ORDER BY "tasks"."created_at" DESC[0m
  ↳ app/controllers/tasks_controller.rb:4:in `index'
Completed 200 OK in 1ms (Views: 1.2ms | ActiveRecord: 0.1ms (1 query, 0 cached) | GC: 0.0ms)


Started GET "/tasks" for ::1 at 2025-12-06 10:26:24 -0500
Processing by TasksController#index as */*
  [1m[36mTask Load (0.1ms)[0m  [1m[34mSELECT "tasks".* FROM "tasks" ORDER BY "tasks"."created_at" DESC[0m
  ↳ app/controllers/tasks_controller.rb:4:in `index'
Completed 200 OK in 3ms (Views: 2.4ms | ActiveRecord: 0.1ms (1 query, 0 cached) | GC: 0.0ms)


Started GET "/tasks" for ::1 at 2025-12-06 10:40:09 -0500
Processing by TasksController#index as */*
  [1m[36mTask Load (1.4ms)[0m  [1m[34mSELECT "tasks".* FROM "tasks" ORDER BY "tasks"."created_at" DESC[0m
  ↳ app/controllers/tasks_controller.rb:4:in `index'
Completed 200 OK in 4ms (Views: 2.0ms | ActiveRecord: 1.4ms (1 query, 0 cached) | GC: 0.0ms)


Started POST "/tasks" for ::1 at 2025-12-06 10:40:11 -0500
Processing by TasksController#create as */*
  Parameters: {"description"=>"dsa", "task"=>{"description"=>"dsa"}}
  [1m[36mTRANSACTION (0.1ms)[0m  [1m[36mbegin transaction[0m
  ↳ app/controllers/tasks_controller.rb:10:in `create'
  [1m[36mTask Create (1.9ms)[0m  [1m[32mINSERT INTO "tasks" ("description", "created_at", "updated_at") VALUES (?, ?, ?) RETURNING "id"[0m  [["description", "dsa"], ["created_at", "2025-12-06 15:40:11.246366"], ["updated_at", "2025-12-06 15:40:11.246366"]]
  ↳ app/controllers/tasks_controller.rb:10:in `create'
  [1m[36mTRANSACTION (0.7ms)[0m  [1m[36mcommit transaction[0m
  ↳ app/controllers/tasks_controller.rb:10:in `create'
Completed 201 Created in 8ms (Views: 0.4ms | ActiveRecord: 2.6ms (1 query, 0 cached) | GC: 0.0ms)


Started GET "/tasks" for ::1 at 2025-12-06 10:40:12 -0500
Processing by TasksController#index as */*
  [1m[36mTask Load (0.1ms)[0m  [1m[34mSELECT "tasks".* FROM "tasks" ORDER BY "tasks"."created_at" DESC[0m
  ↳ app/controllers/tasks_controller.rb:4:in `index'
Completed 200 OK in 5ms (Views: 4.3ms | ActiveRecord: 0.1ms (1 query, 0 cached) | GC: 0.0ms)


Started POST "/tasks" for ::1 at 2025-12-06 10:40:14 -0500
Processing by TasksController#create as */*
  Parameters: {"description"=>"jiji", "task"=>{"description"=>"jiji"}}
  [1m[36mTRANSACTION (0.1ms)[0m  [1m[36mbegin transaction[0m
  ↳ app/controllers/tasks_controller.rb:10:in `create'
  [1m[36mTask Create (2.8ms)[0m  [1m[32mINSERT INTO "tasks" ("description", "created_at", "updated_at") VALUES (?, ?, ?) RETURNING "id"[0m  [["description", "jiji"], ["created_at", "2025-12-06 15:40:14.924108"], ["updated_at", "2025-12-06 15:40:14.924108"]]
  ↳ app/controllers/tasks_controller.rb:10:in `create'
  [1m[36mTRANSACTION (0.2ms)[0m  [1m[36mcommit transaction[0m
  ↳ app/controllers/tasks_controller.rb:10:in `create'
Completed 201 Created in 8ms (Views: 0.3ms | ActiveRecord: 3.0ms (1 query, 0 cached) | GC: 0.0ms)


Started GET "/tasks" for ::1 at 2025-12-06 10:41:07 -0500
Processing by TasksController#index as */*
  [1m[36mTask Load (0.1ms)[0m  [1m[34mSELECT "tasks".* FROM "tasks" ORDER BY "tasks"."created_at" DESC[0m
  ↳ app/controllers/tasks_controller.rb:4:in `index'
Completed 200 OK in 1ms (Views: 1.1ms | ActiveRecord: 0.1ms (1 query, 0 cached) | GC: 0.0ms)


Started GET "/tasks" for ::1 at 2025-12-06 10:42:00 -0500
Processing by TasksController#index as */*
  [1m[36mTask Load (0.1ms)[0m  [1m[34mSELECT "tasks".* FROM "tasks" ORDER BY "tasks"."created_at" DESC[0m
  ↳ app/controllers/tasks_controller.rb:4:in `index'
Completed 200 OK in 2ms (Views: 1.2ms | ActiveRecord: 0.1ms (1 query, 0 cached) | GC: 0.0ms)


Started GET "/tasks" for ::1 at 2025-12-06 10:42:01 -0500
Processing by TasksController#index as */*
  [1m[36mTask Load (0.1ms)[0m  [1m[34mSELECT "tasks".* FROM "tasks" ORDER BY "tasks"."created_at" DESC[0m
  ↳ app/controllers/tasks_controller.rb:4:in `index'
Completed 200 OK in 3ms (Views: 2.4ms | ActiveRecord: 0.1ms (1 query, 0 cached) | GC: 0.0ms)


Started GET "/tasks" for ::1 at 2025-12-06 10:42:07 -0500
Processing by TasksController#index as */*
  [1m[36mTask Load (0.1ms)[0m  [1m[34mSELECT "tasks".* FROM "tasks" ORDER BY "tasks"."created_at" DESC[0m
  ↳ app/controllers/tasks_controller.rb:4:in `index'
Completed 200 OK in 1ms (Views: 1.0ms | ActiveRecord: 0.1ms (1 query, 0 cached) | GC: 0.0ms)


Started GET "/tasks" for ::1 at 2025-12-06 10:45:12 -0500
Processing by TasksController#index as */*
  [1m[36mTask Load (0.2ms)[0m  [1m[34mSELECT "tasks".* FROM "tasks" ORDER BY "tasks"."created_at" DESC[0m
  ↳ app/controllers/tasks_controller.rb:4:in `index'
Completed 200 OK in 3ms (Views: 2.2ms | ActiveRecord: 0.2ms (1 query, 0 cached) | GC: 0.0ms)


Started GET "/tasks" for ::1 at 2025-12-06 10:45:21 -0500
Processing by TasksController#index as */*
  [1m[36mTask Load (0.1ms)[0m  [1m[34mSELECT "tasks".* FROM "tasks" ORDER BY "tasks"."created_at" DESC[0m
  ↳ app/controllers/tasks_controller.rb:4:in `index'
Completed 200 OK in 3ms (Views: 2.7ms | ActiveRecord: 0.1ms (1 query, 0 cached) | GC: 0.0ms)


Started GET "/tasks" for ::1 at 2025-12-06 10:46:16 -0500
Processing by TasksController#index as */*
  [1m[36mTask Load (0.3ms)[0m  [1m[34mSELECT "tasks".* FROM "tasks" ORDER BY "tasks"."created_at" DESC[0m
  ↳ app/controllers/tasks_controller.rb:4:in `index'
Completed 200 OK in 5ms (Views: 3.2ms | ActiveRecord: 0.3ms (1 query, 0 cached) | GC: 0.0ms)


Started GET "/tasks" for ::1 at 2025-12-06 10:48:18 -0500
Processing by TasksController#index as */*
  [1m[36mTask Load (0.2ms)[0m  [1m[34mSELECT "tasks".* FROM "tasks" ORDER BY "tasks"."created_at" DESC[0m
  ↳ app/controllers/tasks_controller.rb:4:in `index'
Completed 200 OK in 3ms (Views: 2.1ms | ActiveRecord: 0.2ms (1 query, 0 cached) | GC: 0.0ms)


Started GET "/tasks" for ::1 at 2025-12-06 11:25:11 -0500
Processing by TasksController#index as */*
  [1m[36mTask Load (2.3ms)[0m  [1m[34mSELECT "tasks".* FROM "tasks" ORDER BY "tasks"."created_at" DESC[0m
  ↳ app/controllers/tasks_controller.rb:4:in `index'
Completed 200 OK in 8ms (Views: 4.5ms | ActiveRecord: 2.3ms (1 query, 0 cached) | GC: 1.0ms)


Started GET "/tasks" for ::1 at 2025-12-06 11:29:14 -0500
Processing by TasksController#index as */*
  [1m[36mTask Load (0.2ms)[0m  [1m[34mSELECT "tasks".* FROM "tasks" ORDER BY "tasks"."created_at" DESC[0m
  ↳ app/controllers/tasks_controller.rb:4:in `index'
Completed 200 OK in 7ms (Views: 6.1ms | ActiveRecord: 0.2ms (1 query, 0 cached) | GC: 1.1ms)


Started GET "/tasks" for ::1 at 2025-12-06 11:29:26 -0500
Processing by TasksController#index as */*
  [1m[36mTask Load (0.1ms)[0m  [1m[34mSELECT "tasks".* FROM "tasks" ORDER BY "tasks"."created_at" DESC[0m
  ↳ app/controllers/tasks_controller.rb:4:in `index'
Completed 200 OK in 2ms (Views: 1.5ms | ActiveRecord: 0.1ms (1 query, 0 cached) | GC: 0.3ms)


Started GET "/tasks" for ::1 at 2025-12-06 11:29:27 -0500
Processing by TasksController#index as */*
  [1m[36mTask Load (0.7ms)[0m  [1m[34mSELECT "tasks".* FROM "tasks" ORDER BY "tasks"."created_at" DESC[0m
  ↳ app/controllers/tasks_controller.rb:4:in `index'
Completed 200 OK in 6ms (Views: 5.9ms | ActiveRecord: 0.1ms (1 query, 0 cached) | GC: 0.5ms)


Started GET "/tasks" for ::1 at 2025-12-06 11:31:16 -0500
Processing by TasksController#index as */*
  [1m[36mTask Load (0.1ms)[0m  [1m[34mSELECT "tasks".* FROM "tasks" ORDER BY "tasks"."created_at" DESC[0m
  ↳ app/controllers/tasks_controller.rb:4:in `index'
Completed 200 OK in 1ms (Views: 1.1ms | ActiveRecord: 0.1ms (1 query, 0 cached) | GC: 0.0ms)


Started GET "/tasks" for ::1 at 2025-12-06 11:32:56 -0500
Processing by TasksController#index as */*
  [1m[36mTask Load (0.2ms)[0m  [1m[34mSELECT "tasks".* FROM "tasks" ORDER BY "tasks"."created_at" DESC[0m
  ↳ app/controllers/tasks_controller.rb:4:in `index'
Completed 200 OK in 6ms (Views: 5.6ms | ActiveRecord: 0.2ms (1 query, 0 cached) | GC: 0.7ms)


Started GET "/tasks" for ::1 at 2025-12-06 11:32:57 -0500
Processing by TasksController#index as */*
  [1m[36mTask Load (0.1ms)[0m  [1m[34mSELECT "tasks".* FROM "tasks" ORDER BY "tasks"."created_at" DESC[0m
  ↳ app/controllers/tasks_controller.rb:4:in `index'
Completed 200 OK in 4ms (Views: 3.8ms | ActiveRecord: 0.1ms (1 query, 0 cached) | GC: 0.4ms)


Started GET "/tasks" for ::1 at 2025-12-06 11:38:53 -0500
Processing by TasksController#index as */*
  [1m[36mTask Load (1.3ms)[0m  [1m[34mSELECT "tasks".* FROM "tasks" ORDER BY "tasks"."created_at" DESC[0m
  ↳ app/controllers/tasks_controller.rb:4:in `index'
Completed 200 OK in 3ms (Views: 1.3ms | ActiveRecord: 1.2ms (1 query, 0 cached) | GC: 0.1ms)


Started GET "/tasks" for ::1 at 2025-12-06 11:39:41 -0500
Processing by TasksController#index as */*
  [1m[36mTask Load (0.1ms)[0m  [1m[34mSELECT "tasks".* FROM "tasks" ORDER BY "tasks"."created_at" DESC[0m
  ↳ app/controllers/tasks_controller.rb:4:in `index'
Completed 200 OK in 3ms (Views: 2.1ms | ActiveRecord: 0.1ms (1 query, 0 cached) | GC: 0.0ms)


Started GET "/tasks" for ::1 at 2025-12-06 11:51:49 -0500
Processing by TasksController#index as */*
  [1m[36mTask Load (3.1ms)[0m  [1m[34mSELECT "tasks".* FROM "tasks" ORDER BY "tasks"."created_at" DESC[0m
  ↳ app/controllers/tasks_controller.rb:4:in `index'
Completed 200 OK in 14ms (Views: 9.2ms | ActiveRecord: 3.0ms (1 query, 0 cached) | GC: 0.0ms)


Started GET "/tasks" for ::1 at 2025-12-06 11:52:02 -0500
Processing by TasksController#index as */*
  [1m[36mTask Load (0.2ms)[0m  [1m[34mSELECT "tasks".* FROM "tasks" ORDER BY "tasks"."created_at" DESC[0m
  ↳ app/controllers/tasks_controller.rb:4:in `index'
Completed 200 OK in 4ms (Views: 3.3ms | ActiveRecord: 0.2ms (1 query, 0 cached) | GC: 0.6ms)


Started GET "/tasks" for ::1 at 2025-12-06 12:04:09 -0500
Processing by TasksController#index as */*
  [1m[36mTask Load (1.4ms)[0m  [1m[34mSELECT "tasks".* FROM "tasks" ORDER BY "tasks"."created_at" DESC[0m
  ↳ app/controllers/tasks_controller.rb:4:in `index'
Completed 200 OK in 4ms (Views: 2.3ms | ActiveRecord: 1.4ms (1 query, 0 cached) | GC: 0.3ms)


Started GET "/tasks" for ::1 at 2025-12-06 12:04:13 -0500
Processing by TasksController#index as */*
  [1m[36mTask Load (0.1ms)[0m  [1m[34mSELECT "tasks".* FROM "tasks" ORDER BY "tasks"."created_at" DESC[0m
  ↳ app/controllers/tasks_controller.rb:4:in `index'
Completed 200 OK in 5ms (Views: 4.9ms | ActiveRecord: 0.1ms (1 query, 0 cached) | GC: 0.4ms)


Started GET "/tasks" for ::1 at 2025-12-06 12:04:25 -0500
Processing by TasksController#index as */*
  [1m[36mTask Load (0.2ms)[0m  [1m[34mSELECT "tasks".* FROM "tasks" ORDER BY "tasks"."created_at" DESC[0m
  ↳ app/controllers/tasks_controller.rb:4:in `index'
Completed 200 OK in 3ms (Views: 2.4ms | ActiveRecord: 0.2ms (1 query, 0 cached) | GC: 0.0ms)


Started GET "/tasks" for ::1 at 2025-12-06 12:04:30 -0500
Processing by TasksController#index as */*
  [1m[36mTask Load (0.1ms)[0m  [1m[34mSELECT "tasks".* FROM "tasks" ORDER BY "tasks"."created_at" DESC[0m
  ↳ app/controllers/tasks_controller.rb:4:in `index'
Completed 200 OK in 1ms (Views: 1.1ms | ActiveRecord: 0.1ms (1 query, 0 cached) | GC: 0.0ms)


Started GET "/tasks" for ::1 at 2025-12-06 12:14:53 -0500
Processing by TasksController#index as */*
  [1m[36mTask Load (1.6ms)[0m  [1m[34mSELECT "tasks".* FROM "tasks" ORDER BY "tasks"."created_at" DESC[0m
  ↳ app/controllers/tasks_controller.rb:4:in `index'
Completed 200 OK in 6ms (Views: 3.5ms | ActiveRecord: 1.6ms (1 query, 0 cached) | GC: 0.2ms)


Started POST "/tasks" for ::1 at 2025-12-06 12:14:56 -0500
Processing by TasksController#create as */*
  Parameters: {"description"=>"dsada", "task"=>{"description"=>"dsada"}}
  [1m[36mTRANSACTION (0.1ms)[0m  [1m[36mbegin transaction[0m
  ↳ app/controllers/tasks_controller.rb:10:in `create'
  [1m[36mTask Create (2.2ms)[0m  [1m[32mINSERT INTO "tasks" ("description", "created_at", "updated_at") VALUES (?, ?, ?) RETURNING "id"[0m  [["description", "dsada"], ["created_at", "2025-12-06 17:14:56.231037"], ["updated_at", "2025-12-06 17:14:56.231037"]]
  ↳ app/controllers/tasks_controller.rb:10:in `create'
  [1m[36mTRANSACTION (0.2ms)[0m  [1m[36mcommit transaction[0m
  ↳ app/controllers/tasks_controller.rb:10:in `create'
Completed 201 Created in 6ms (Views: 0.1ms | ActiveRecord: 2.5ms (1 query, 0 cached) | GC: 0.3ms)


Started POST "/tasks" for ::1 at 2025-12-06 12:14:58 -0500
Processing by TasksController#create as */*
  Parameters: {"description"=>"dsa", "task"=>{"description"=>"dsa"}}
  [1m[36mTRANSACTION (0.1ms)[0m  [1m[36mbegin transaction[0m
  ↳ app/controllers/tasks_controller.rb:10:in `create'
  [1m[36mTask Create (2.2ms)[0m  [1m[32mINSERT INTO "tasks" ("description", "created_at", "updated_at") VALUES (?, ?, ?) RETURNING "id"[0m  [["description", "dsa"], ["created_at", "2025-12-06 17:14:58.176351"], ["updated_at", "2025-12-06 17:14:58.176351"]]
  ↳ app/controllers/tasks_controller.rb:10:in `create'
  [1m[36mTRANSACTION (0.2ms)[0m  [1m[36mcommit transaction[0m
  ↳ app/controllers/tasks_controller.rb:10:in `create'
Completed 201 Created in 7ms (Views: 0.1ms | ActiveRecord: 2.5ms (1 query, 0 cached) | GC: 0.3ms)


Started GET "/tasks" for ::1 at 2025-12-06 12:23:29 -0500
Processing by TasksController#index as */*
  [1m[36mTask Load (1.8ms)[0m  [1m[34mSELECT "tasks".* FROM "tasks" ORDER BY "tasks"."created_at" DESC[0m
  ↳ app/controllers/tasks_controller.rb:4:in `index'
Completed 200 OK in 5ms (Views: 2.5ms | ActiveRecord: 1.8ms (1 query, 0 cached) | GC: 0.1ms)


Started GET "/tasks" for ::1 at 2025-12-06 12:25:57 -0500
Processing by TasksController#index as */*
  [1m[36mTask Load (0.1ms)[0m  [1m[34mSELECT "tasks".* FROM "tasks" ORDER BY "tasks"."created_at" DESC[0m
  ↳ app/controllers/tasks_controller.rb:4:in `index'
Completed 200 OK in 2ms (Views: 1.5ms | ActiveRecord: 0.1ms (1 query, 0 cached) | GC: 0.2ms)


